
> tmp-tauri@0.1.0 dev
> vite dev


  VITE v6.4.3  ready in 1000 ms

  ➜  Local:   http://localhost:1420/
8:22:22 AM [vite-plugin-svelte] src/lib/components/SettingsDialog.svelte:14:2 Visible, non-interactive element `<div>` with a click event must be accompanied by a keyboard event handler. Consider whether an interactive element such as `<button type="button">` or `<a>` might be more appropriate
https://svelte.dev/e/a11y_click_events_have_key_events
8:22:22 AM [vite-plugin-svelte] src/lib/components/SettingsDialog.svelte:14:2 `<div>` with a click handler must have an ARIA role
https://svelte.dev/e/a11y_no_static_element_interactions
8:22:57 AM [vite] (client) page reload playwright-report/index.html
8:23:10 AM [vite] (client) page reload .svelte-kit/generated/client/nodes/0.js
8:23:10 AM [vite] (client) page reload .svelte-kit/generated/client/nodes/1.js
8:23:10 AM [vite] (client) page reload .svelte-kit/generated/client/nodes/2.js
8:23:10 AM [vite] (client) page reload .svelte-kit/generated/client/app.js
8:23:10 AM [vite] (client) page reload .svelte-kit/generated/client/matchers.js
8:23:10 AM [vite] (ssr) page reload .svelte-kit/generated/shared/error-template.js
8:23:10 AM [vite] (ssr) page reload .svelte-kit/generated/server/internal.js
8:23:11 AM [vite] (client) page reload .svelte-kit/generated/root.js
8:23:11 AM [vite] (ssr) page reload .svelte-kit/generated/root.js
8:23:23 AM [vite] (client) page reload .svelte-kit/generated/client/nodes/0.js
8:23:23 AM [vite] (client) page reload .svelte-kit/generated/client/nodes/1.js
8:23:23 AM [vite] (client) page reload .svelte-kit/generated/client/nodes/2.js
8:23:23 AM [vite] (client) page reload .svelte-kit/generated/client/app.js
8:23:23 AM [vite] (client) page reload .svelte-kit/generated/client/matchers.js
8:23:23 AM [vite] (ssr) page reload .svelte-kit/generated/shared/error-template.js
8:23:23 AM [vite] (ssr) page reload .svelte-kit/generated/server/internal.js
8:23:23 AM [vite] (client) page reload .svelte-kit/generated/root.js
8:23:23 AM [vite] (ssr) page reload .svelte-kit/generated/root.js
8:23:41 AM [vite] (client) page reload .svelte-kit/generated/client/nodes/0.js
8:23:41 AM [vite] (client) page reload .svelte-kit/generated/client/nodes/2.js
8:23:41 AM [vite] (client) page reload .svelte-kit/generated/client/nodes/1.js
8:23:41 AM [vite] (client) page reload .svelte-kit/generated/client/app.js
8:23:41 AM [vite] (client) page reload .svelte-kit/generated/client/matchers.js
8:23:41 AM [vite] (ssr) page reload .svelte-kit/generated/shared/error-template.js
8:23:41 AM [vite] (ssr) page reload .svelte-kit/generated/server/internal.js
8:23:41 AM [vite] (client) page reload .svelte-kit/generated/root.js
8:23:41 AM [vite] (ssr) page reload .svelte-kit/generated/root.js
8:23:41 AM [vite] (client) page reload build/index.html
8:23:41 AM [vite] (client) page reload build/index.html
8:26:19 AM [vite] (client) hmr update /src/lib/components/SettingsDialog.svelte, /src/app.css
8:26:32 AM [vite] (client) page reload .svelte-kit/generated/client/nodes/0.js
8:26:32 AM [vite] (client) page reload .svelte-kit/generated/client/nodes/2.js
8:26:32 AM [vite] (client) page reload .svelte-kit/generated/client/nodes/1.js
8:26:32 AM [vite] (client) page reload .svelte-kit/generated/client/app.js
8:26:32 AM [vite] (client) page reload .svelte-kit/generated/client/matchers.js
8:26:32 AM [vite] (ssr) page reload .svelte-kit/generated/shared/error-template.js
8:26:32 AM [vite] (ssr) page reload .svelte-kit/generated/server/internal.js
8:26:32 AM [vite] (client) page reload .svelte-kit/generated/root.js
8:26:32 AM [vite] (ssr) page reload .svelte-kit/generated/root.js
8:26:44 AM [vite] (client) page reload .svelte-kit/generated/client/nodes/0.js
8:26:44 AM [vite] (client) page reload .svelte-kit/generated/client/nodes/1.js
8:26:44 AM [vite] (client) page reload .svelte-kit/generated/client/nodes/2.js
8:26:44 AM [vite] (client) page reload .svelte-kit/generated/client/app.js
8:26:44 AM [vite] (client) page reload .svelte-kit/generated/client/matchers.js
8:26:44 AM [vite] (ssr) page reload .svelte-kit/generated/shared/error-template.js
8:26:44 AM [vite] (ssr) page reload .svelte-kit/generated/server/internal.js
8:26:44 AM [vite] (client) page reload .svelte-kit/generated/root.js
8:26:44 AM [vite] (ssr) page reload .svelte-kit/generated/root.js
8:26:57 AM [vite] (client) page reload .svelte-kit/generated/client/nodes/0.js
8:26:57 AM [vite] (client) page reload .svelte-kit/generated/client/nodes/1.js
8:26:57 AM [vite] (client) page reload .svelte-kit/generated/client/nodes/2.js
8:26:57 AM [vite] (client) page reload .svelte-kit/generated/client/app.js
8:26:57 AM [vite] (client) page reload .svelte-kit/generated/client/matchers.js
8:26:57 AM [vite] (ssr) page reload .svelte-kit/generated/shared/error-template.js
8:26:57 AM [vite] (ssr) page reload .svelte-kit/generated/server/internal.js
8:26:57 AM [vite] (client) page reload .svelte-kit/generated/root.js
8:26:57 AM [vite] (ssr) page reload .svelte-kit/generated/root.js
8:26:57 AM [vite] (client) page reload build/index.html
